\BOOKMARK [0][-]{chapter.1}{\376\377\000I\000n\000t\000r\000o\000d\000u\000c\000t\000i\000o\000n}{}% 1
\BOOKMARK [1][-]{section.1.1}{\376\377\000C\000o\000n\000t\000e\000x\000t\000\040\000a\000n\000d\000\040\000M\000o\000t\000i\000v\000a\000t\000i\000o\000n}{chapter.1}% 2
\BOOKMARK [1][-]{section.1.2}{\376\377\000P\000r\000o\000b\000l\000e\000m\000\040\000S\000t\000a\000t\000e\000m\000e\000n\000t}{chapter.1}% 3
\BOOKMARK [1][-]{section.1.3}{\376\377\000A\000i\000m\000\040\000o\000f\000\040\000t\000h\000e\000\040\000D\000i\000s\000s\000e\000r\000t\000a\000t\000i\000o\000n}{chapter.1}% 4
\BOOKMARK [1][-]{section.1.4}{\376\377\000O\000b\000j\000e\000c\000t\000i\000v\000e\000s}{chapter.1}% 5
\BOOKMARK [1][-]{section.1.5}{\376\377\000R\000e\000s\000e\000a\000r\000c\000h\000\040\000Q\000u\000e\000s\000t\000i\000o\000n\000s}{chapter.1}% 6
\BOOKMARK [1][-]{section.1.6}{\376\377\000P\000r\000o\000p\000o\000s\000e\000d\000\040\000A\000p\000p\000r\000o\000a\000c\000h}{chapter.1}% 7
\BOOKMARK [2][-]{subsection.1.6.1}{\376\377\000M\000u\000l\000t\000i\000m\000o\000d\000a\000l\000\040\000E\000m\000o\000t\000i\000o\000n\000\040\000R\000e\000c\000o\000g\000n\000i\000t\000i\000o\000n}{section.1.6}% 8
\BOOKMARK [2][-]{subsection.1.6.2}{\376\377\000S\000t\000r\000u\000c\000t\000u\000r\000e\000d\000\040\000C\000o\000n\000v\000e\000r\000s\000a\000t\000i\000o\000n\000a\000l\000\040\000R\000o\000l\000e\000-\000P\000l\000a\000y}{section.1.6}% 9
\BOOKMARK [2][-]{subsection.1.6.3}{\376\377\000U\000n\000c\000e\000r\000t\000a\000i\000n\000t\000y\000-\000A\000w\000a\000r\000e\000\040\000A\000f\000f\000e\000c\000t\000\040\000A\000d\000a\000p\000t\000a\000t\000i\000o\000n}{section.1.6}% 10
\BOOKMARK [2][-]{subsection.1.6.4}{\376\377\000E\000v\000i\000d\000e\000n\000c\000e\000-\000G\000r\000o\000u\000n\000d\000e\000d\000\040\000F\000e\000e\000d\000b\000a\000c\000k\000\040\000a\000n\000d\000\040\000R\000e\000f\000l\000e\000c\000t\000i\000o\000n}{section.1.6}% 11
\BOOKMARK [2][-]{subsection.1.6.5}{\376\377\000S\000y\000s\000t\000e\000m\000\040\000a\000n\000d\000\040\000R\000e\000s\000e\000a\000r\000c\000h\000\040\000E\000v\000a\000l\000u\000a\000t\000i\000o\000n}{section.1.6}% 12
\BOOKMARK [1][-]{section.1.7}{\376\377\000E\000x\000p\000e\000c\000t\000e\000d\000\040\000C\000o\000n\000t\000r\000i\000b\000u\000t\000i\000o\000n\000s}{chapter.1}% 13
\BOOKMARK [1][-]{section.1.8}{\376\377\000S\000c\000o\000p\000e\000\040\000a\000n\000d\000\040\000L\000i\000m\000i\000t\000a\000t\000i\000o\000n\000s}{chapter.1}% 14
\BOOKMARK [2][-]{subsection.1.8.1}{\376\377\000S\000y\000s\000t\000e\000m\000\040\000S\000c\000o\000p\000e}{section.1.8}% 15
\BOOKMARK [2][-]{subsection.1.8.2}{\376\377\000M\000a\000c\000h\000i\000n\000e\000-\000L\000e\000a\000r\000n\000i\000n\000g\000\040\000S\000c\000o\000p\000e}{section.1.8}% 16
\BOOKMARK [2][-]{subsection.1.8.3}{\376\377\000R\000o\000l\000e\000-\000P\000l\000a\000y\000\040\000a\000n\000d\000\040\000F\000e\000e\000d\000b\000a\000c\000k\000\040\000S\000c\000o\000p\000e}{section.1.8}% 17
\BOOKMARK [2][-]{subsection.1.8.4}{\376\377\000D\000a\000t\000a\000s\000e\000t\000\040\000a\000n\000d\000\040\000G\000e\000n\000e\000r\000a\000l\000i\000s\000a\000t\000i\000o\000n\000\040\000L\000i\000m\000i\000t\000a\000t\000i\000o\000n\000s}{section.1.8}% 18
\BOOKMARK [2][-]{subsection.1.8.5}{\376\377\000U\000n\000c\000e\000r\000t\000a\000i\000n\000t\000y\000\040\000a\000n\000d\000\040\000C\000a\000l\000i\000b\000r\000a\000t\000i\000o\000n\000\040\000L\000i\000m\000i\000t\000a\000t\000i\000o\000n\000s}{section.1.8}% 19
\BOOKMARK [2][-]{subsection.1.8.6}{\376\377\000G\000e\000n\000e\000r\000a\000t\000i\000v\000e\000\040\000A\000r\000t\000i\000f\000i\000c\000i\000a\000l\000\040\000I\000n\000t\000e\000l\000l\000i\000g\000e\000n\000c\000e\000\040\000L\000i\000m\000i\000t\000a\000t\000i\000o\000n\000s}{section.1.8}% 20
\BOOKMARK [2][-]{subsection.1.8.7}{\376\377\000S\000a\000f\000e\000t\000y\000\040\000a\000n\000d\000\040\000C\000l\000i\000n\000i\000c\000a\000l\000\040\000L\000i\000m\000i\000t\000a\000t\000i\000o\000n\000s}{section.1.8}% 21
\BOOKMARK [2][-]{subsection.1.8.8}{\376\377\000P\000r\000i\000v\000a\000c\000y\000\040\000a\000n\000d\000\040\000S\000e\000c\000u\000r\000i\000t\000y\000\040\000L\000i\000m\000i\000t\000a\000t\000i\000o\000n\000s}{section.1.8}% 22
\BOOKMARK [2][-]{subsection.1.8.9}{\376\377\000E\000v\000a\000l\000u\000a\000t\000i\000o\000n\000\040\000L\000i\000m\000i\000t\000a\000t\000i\000o\000n\000s}{section.1.8}% 23
\BOOKMARK [2][-]{subsection.1.8.10}{\376\377\000D\000e\000l\000i\000m\000i\000t\000a\000t\000i\000o\000n\000s}{section.1.8}% 24
\BOOKMARK [1][-]{section.1.9}{\376\377\000D\000i\000s\000s\000e\000r\000t\000a\000t\000i\000o\000n\000\040\000S\000t\000r\000u\000c\000t\000u\000r\000e}{chapter.1}% 25
\BOOKMARK [0][-]{chapter.2}{\376\377\000S\000t\000a\000t\000e\000\040\000o\000f\000\040\000t\000h\000e\000\040\000A\000r\000t}{}% 26
\BOOKMARK [1][-]{section.2.1}{\376\377\000I\000n\000t\000r\000o\000d\000u\000c\000t\000i\000o\000n}{chapter.2}% 27
\BOOKMARK [1][-]{section.2.2}{\376\377\000R\000o\000l\000e\000-\000P\000l\000a\000y\000\040\000a\000n\000d\000\040\000S\000i\000m\000u\000l\000a\000t\000i\000o\000n\000\040\000f\000o\000r\000\040\000C\000o\000m\000m\000u\000n\000i\000c\000a\000t\000i\000o\000n\000-\000S\000k\000i\000l\000l\000s\000\040\000D\000e\000v\000e\000l\000o\000p\000m\000e\000n\000t}{chapter.2}% 28
\BOOKMARK [2][-]{subsection.2.2.1}{\376\377\000R\000o\000l\000e\000-\000p\000l\000a\000y\000\040\000a\000s\000\040\000a\000\040\000p\000r\000a\000c\000t\000i\000c\000e\000-\000b\000a\000s\000e\000d\000\040\000l\000e\000a\000r\000n\000i\000n\000g\000\040\000m\000e\000t\000h\000o\000d}{section.2.2}% 29
\BOOKMARK [2][-]{subsection.2.2.2}{\376\377\000S\000i\000m\000u\000l\000a\000t\000i\000o\000n\000\040\000r\000e\000a\000l\000i\000s\000m\000,\000\040\000r\000e\000p\000e\000a\000t\000a\000b\000i\000l\000i\000t\000y\000,\000\040\000a\000n\000d\000\040\000t\000r\000a\000n\000s\000f\000e\000r}{section.2.2}% 30
\BOOKMARK [1][-]{section.2.3}{\376\377\000F\000e\000e\000d\000b\000a\000c\000k\000\040\000a\000n\000d\000\040\000R\000e\000f\000l\000e\000c\000t\000i\000o\000n}{chapter.2}% 31
\BOOKMARK [2][-]{subsection.2.3.1}{\376\377\000F\000r\000o\000m\000\040\000c\000o\000n\000v\000e\000r\000s\000a\000t\000i\000o\000n\000a\000l\000\040\000e\000x\000p\000e\000r\000i\000e\000n\000c\000e\000\040\000t\000o\000\040\000a\000c\000t\000i\000o\000n\000a\000b\000l\000e\000\040\000f\000e\000e\000d\000b\000a\000c\000k}{section.2.3}% 32
\BOOKMARK [2][-]{subsection.2.3.2}{\376\377\000R\000e\000v\000i\000e\000w\000i\000n\000g\000\040\000a\000l\000t\000e\000r\000n\000a\000t\000i\000v\000e\000s\000\040\000i\000n\000s\000t\000e\000a\000d\000\040\000o\000f\000\040\000r\000e\000w\000a\000r\000d\000i\000n\000g\000\040\000o\000n\000e\000\040\000s\000c\000r\000i\000p\000t}{section.2.3}% 33
\BOOKMARK [1][-]{section.2.4}{\376\377\000C\000o\000n\000v\000e\000r\000s\000a\000t\000i\000o\000n\000a\000l\000\040\000A\000g\000e\000n\000t\000s\000\040\000f\000o\000r\000\040\000S\000t\000r\000u\000c\000t\000u\000r\000e\000d\000\040\000a\000n\000d\000\040\000G\000e\000n\000e\000r\000a\000t\000i\000v\000e\000\040\000R\000o\000l\000e\000-\000P\000l\000a\000y}{chapter.2}% 34
\BOOKMARK [2][-]{subsection.2.4.1}{\376\377\000D\000e\000t\000e\000r\000m\000i\000n\000i\000s\000t\000i\000c\000\040\000d\000i\000a\000l\000o\000g\000u\000e\000\040\000m\000a\000n\000a\000g\000e\000m\000e\000n\000t}{section.2.4}% 35
\BOOKMARK [2][-]{subsection.2.4.2}{\376\377\000L\000a\000n\000g\000u\000a\000g\000e\000-\000m\000o\000d\000e\000l\000\040\000s\000i\000m\000u\000l\000a\000t\000i\000o\000n\000\040\000a\000n\000d\000\040\000i\000t\000s\000\040\000l\000i\000m\000i\000t\000s}{section.2.4}% 36
\BOOKMARK [1][-]{section.2.5}{\376\377\000A\000f\000f\000e\000c\000t\000i\000v\000e\000\040\000C\000o\000m\000p\000u\000t\000i\000n\000g\000\040\000a\000n\000d\000\040\000E\000m\000o\000t\000i\000o\000n\000\040\000L\000a\000b\000e\000l\000s}{chapter.2}% 37
\BOOKMARK [2][-]{subsection.2.5.1}{\376\377\000C\000a\000t\000e\000g\000o\000r\000i\000c\000a\000l\000\040\000a\000n\000d\000\040\000d\000i\000m\000e\000n\000s\000i\000o\000n\000a\000l\000\040\000r\000e\000p\000r\000e\000s\000e\000n\000t\000a\000t\000i\000o\000n\000s}{section.2.5}% 38
\BOOKMARK [2][-]{subsection.2.5.2}{\376\377\000E\000x\000p\000r\000e\000s\000s\000i\000o\000n\000,\000\040\000i\000n\000t\000e\000r\000p\000r\000e\000t\000a\000t\000i\000o\000n\000,\000\040\000a\000n\000d\000\040\000u\000n\000c\000e\000r\000t\000a\000i\000n\000t\000y}{section.2.5}% 39
\BOOKMARK [1][-]{section.2.6}{\376\377\000E\000m\000o\000t\000i\000o\000n\000-\000R\000e\000c\000o\000g\000n\000i\000t\000i\000o\000n\000\040\000D\000a\000t\000a\000s\000e\000t\000s\000\040\000a\000n\000d\000\040\000P\000r\000o\000t\000o\000c\000o\000l\000s}{chapter.2}% 40
\BOOKMARK [2][-]{subsection.2.6.1}{\376\377\000I\000E\000M\000O\000C\000A\000P\000\040\000a\000n\000d\000\040\000t\000h\000e\000\040\000f\000o\000u\000r\000-\000c\000l\000a\000s\000s\000\040\000b\000e\000n\000c\000h\000m\000a\000r\000k}{section.2.6}% 41
\BOOKMARK [2][-]{subsection.2.6.2}{\376\377\000O\000t\000h\000e\000r\000\040\000d\000a\000t\000a\000s\000e\000t\000s\000\040\000a\000n\000d\000\040\000d\000o\000m\000a\000i\000n\000\040\000d\000i\000f\000f\000e\000r\000e\000n\000c\000e\000s}{section.2.6}% 42
\BOOKMARK [2][-]{subsection.2.6.3}{\376\377\000E\000v\000a\000l\000u\000a\000t\000i\000o\000n\000\040\000s\000p\000l\000i\000t\000s\000\040\000a\000n\000d\000\040\000i\000n\000f\000o\000r\000m\000a\000t\000i\000o\000n\000\040\000l\000e\000a\000k\000a\000g\000e}{section.2.6}% 43
\BOOKMARK [1][-]{section.2.7}{\376\377\000T\000e\000x\000t\000u\000a\000l\000\040\000E\000m\000o\000t\000i\000o\000n\000\040\000R\000e\000c\000o\000g\000n\000i\000t\000i\000o\000n\000\040\000a\000n\000d\000\040\000C\000o\000n\000v\000e\000r\000s\000a\000t\000i\000o\000n\000a\000l\000\040\000C\000o\000n\000t\000e\000x\000t}{chapter.2}% 44
\BOOKMARK [2][-]{subsection.2.7.1}{\376\377\000P\000r\000e\000-\000t\000r\000a\000i\000n\000e\000d\000\040\000l\000a\000n\000g\000u\000a\000g\000e\000\040\000r\000e\000p\000r\000e\000s\000e\000n\000t\000a\000t\000i\000o\000n\000s}{section.2.7}% 45
\BOOKMARK [2][-]{subsection.2.7.2}{\376\377\000S\000p\000e\000a\000k\000e\000r\000\040\000a\000n\000d\000\040\000d\000i\000a\000l\000o\000g\000u\000e\000-\000c\000o\000n\000t\000e\000x\000t\000\040\000m\000o\000d\000e\000l\000l\000i\000n\000g}{section.2.7}% 46
\BOOKMARK [2][-]{subsection.2.7.3}{\376\377\000C\000a\000u\000s\000a\000l\000\040\000c\000o\000n\000t\000e\000x\000t\000\040\000a\000n\000d\000\040\000d\000e\000p\000l\000o\000y\000m\000e\000n\000t\000\040\000c\000o\000m\000p\000a\000t\000i\000b\000i\000l\000i\000t\000y}{section.2.7}% 47
\BOOKMARK [1][-]{section.2.8}{\376\377\000S\000p\000e\000e\000c\000h\000\040\000E\000m\000o\000t\000i\000o\000n\000\040\000R\000e\000c\000o\000g\000n\000i\000t\000i\000o\000n}{chapter.2}% 48
\BOOKMARK [2][-]{subsection.2.8.1}{\376\377\000A\000c\000o\000u\000s\000t\000i\000c\000\040\000c\000u\000e\000s\000\040\000a\000n\000d\000\040\000c\000o\000n\000v\000e\000n\000t\000i\000o\000n\000a\000l\000\040\000r\000e\000p\000r\000e\000s\000e\000n\000t\000a\000t\000i\000o\000n\000s}{section.2.8}% 49
\BOOKMARK [2][-]{subsection.2.8.2}{\376\377\000S\000e\000l\000f\000-\000s\000u\000p\000e\000r\000v\000i\000s\000e\000d\000\040\000s\000p\000e\000e\000c\000h\000\040\000r\000e\000p\000r\000e\000s\000e\000n\000t\000a\000t\000i\000o\000n\000s}{section.2.8}% 50
\BOOKMARK [2][-]{subsection.2.8.3}{\376\377\000O\000p\000e\000r\000a\000t\000i\000o\000n\000a\000l\000\040\000c\000o\000n\000s\000t\000r\000a\000i\000n\000t\000s\000\040\000o\000f\000\040\000s\000p\000e\000e\000c\000h\000\040\000i\000n\000p\000u\000t}{section.2.8}% 51
\BOOKMARK [1][-]{section.2.9}{\376\377\000M\000u\000l\000t\000i\000m\000o\000d\000a\000l\000\040\000E\000m\000o\000t\000i\000o\000n\000\040\000R\000e\000c\000o\000g\000n\000i\000t\000i\000o\000n\000\040\000a\000n\000d\000\040\000F\000u\000s\000i\000o\000n}{chapter.2}% 52
\BOOKMARK [2][-]{subsection.2.9.1}{\376\377\000C\000o\000m\000p\000l\000e\000m\000e\000n\000t\000a\000r\000i\000t\000y\000\040\000o\000f\000\040\000t\000e\000x\000t\000\040\000a\000n\000d\000\040\000s\000p\000e\000e\000c\000h}{section.2.9}% 53
\BOOKMARK [2][-]{subsection.2.9.2}{\376\377\000D\000e\000c\000i\000s\000i\000o\000n\000-\000l\000e\000v\000e\000l\000\040\000f\000u\000s\000i\000o\000n\000\040\000a\000n\000d\000\040\000i\000t\000s\000\040\000t\000r\000a\000d\000e\000-\000o\000f\000f\000s}{section.2.9}% 54
\BOOKMARK [1][-]{section.2.10}{\376\377\000C\000o\000n\000f\000i\000d\000e\000n\000c\000e\000\040\000C\000a\000l\000i\000b\000r\000a\000t\000i\000o\000n\000,\000\040\000U\000n\000c\000e\000r\000t\000a\000i\000n\000t\000y\000,\000\040\000a\000n\000d\000\040\000G\000e\000n\000e\000r\000a\000l\000i\000s\000a\000t\000i\000o\000n}{chapter.2}% 55
\BOOKMARK [2][-]{subsection.2.10.1}{\376\377\000A\000c\000c\000u\000r\000a\000c\000y\000\040\000d\000o\000e\000s\000\040\000n\000o\000t\000\040\000e\000s\000t\000a\000b\000l\000i\000s\000h\000\040\000t\000r\000u\000s\000t\000w\000o\000r\000t\000h\000y\000\040\000p\000r\000o\000b\000a\000b\000i\000l\000i\000t\000i\000e\000s}{section.2.10}% 56
\BOOKMARK [2][-]{subsection.2.10.2}{\376\377\000E\000v\000a\000l\000u\000a\000t\000i\000n\000g\000\040\000c\000l\000a\000s\000s\000i\000f\000i\000c\000a\000t\000i\000o\000n\000\040\000a\000n\000d\000\040\000c\000a\000l\000i\000b\000r\000a\000t\000i\000o\000n\000\040\000s\000e\000p\000a\000r\000a\000t\000e\000l\000y}{section.2.10}% 57
\BOOKMARK [2][-]{subsection.2.10.3}{\376\377\000D\000i\000s\000t\000r\000i\000b\000u\000t\000i\000o\000n\000\040\000s\000h\000i\000f\000t\000\040\000a\000n\000d\000\040\000r\000e\000s\000t\000r\000a\000i\000n\000e\000d\000\040\000u\000s\000e\000\040\000o\000f\000\040\000p\000r\000e\000d\000i\000c\000t\000i\000o\000n\000s}{section.2.10}% 58
\BOOKMARK [1][-]{section.2.11}{\376\377\000A\000f\000f\000e\000c\000t\000i\000v\000e\000\040\000a\000n\000d\000\040\000E\000m\000p\000a\000t\000h\000e\000t\000i\000c\000\040\000C\000o\000n\000v\000e\000r\000s\000a\000t\000i\000o\000n\000a\000l\000\040\000A\000g\000e\000n\000t\000s}{chapter.2}% 59
\BOOKMARK [2][-]{subsection.2.11.1}{\376\377\000G\000e\000n\000e\000r\000a\000t\000i\000n\000g\000\040\000e\000m\000o\000t\000i\000o\000n\000-\000s\000e\000n\000s\000i\000t\000i\000v\000e\000\040\000r\000e\000s\000p\000o\000n\000s\000e\000s}{section.2.11}% 60
\BOOKMARK [2][-]{subsection.2.11.2}{\376\377\000B\000o\000u\000n\000d\000e\000d\000\040\000a\000d\000a\000p\000t\000a\000t\000i\000o\000n\000\040\000r\000a\000t\000h\000e\000r\000\040\000t\000h\000a\000n\000\040\000e\000m\000o\000t\000i\000o\000n\000-\000d\000r\000i\000v\000e\000n\000\040\000c\000o\000n\000t\000r\000o\000l}{section.2.11}% 61
\BOOKMARK [1][-]{section.2.12}{\376\377\000T\000r\000u\000s\000t\000,\000\040\000S\000a\000f\000e\000t\000y\000,\000\040\000P\000r\000i\000v\000a\000c\000y\000,\000\040\000a\000n\000d\000\040\000H\000u\000m\000a\000n\000\040\000O\000v\000e\000r\000s\000i\000g\000h\000t}{chapter.2}% 62
\BOOKMARK [2][-]{subsection.2.12.1}{\376\377\000B\000o\000u\000n\000d\000a\000r\000i\000e\000s\000\040\000b\000e\000t\000w\000e\000e\000n\000\040\000r\000e\000h\000e\000a\000r\000s\000a\000l\000\040\000a\000n\000d\000\040\000p\000s\000y\000c\000h\000o\000l\000o\000g\000i\000c\000a\000l\000\040\000s\000u\000p\000p\000o\000r\000t}{section.2.12}% 63
\BOOKMARK [2][-]{subsection.2.12.2}{\376\377\000D\000a\000t\000a\000\040\000m\000i\000n\000i\000m\000i\000s\000a\000t\000i\000o\000n\000\040\000a\000n\000d\000\040\000l\000e\000g\000a\000l\000\040\000c\000o\000n\000t\000e\000x\000t}{section.2.12}% 64
\BOOKMARK [1][-]{section.2.13}{\376\377\000M\000o\000d\000e\000l\000,\000\040\000S\000y\000s\000t\000e\000m\000,\000\040\000a\000n\000d\000\040\000P\000a\000r\000t\000i\000c\000i\000p\000a\000n\000t\000\040\000E\000v\000a\000l\000u\000a\000t\000i\000o\000n}{chapter.2}% 65
\BOOKMARK [1][-]{section.2.14}{\376\377\000S\000y\000n\000t\000h\000e\000s\000i\000s\000\040\000o\000f\000\040\000E\000x\000i\000s\000t\000i\000n\000g\000\040\000R\000e\000s\000e\000a\000r\000c\000h}{chapter.2}% 66
\BOOKMARK [1][-]{section.2.15}{\376\377\000R\000e\000s\000e\000a\000r\000c\000h\000\040\000G\000a\000p\000\040\000a\000n\000d\000\040\000P\000o\000s\000i\000t\000i\000o\000n\000i\000n\000g\000\040\000o\000f\000\040\000A\000f\000f\000e\000c\000t\000L\000a\000b}{chapter.2}% 67
\BOOKMARK [1][-]{section.2.16}{\376\377\000C\000h\000a\000p\000t\000e\000r\000\040\000S\000u\000m\000m\000a\000r\000y}{chapter.2}% 68
\BOOKMARK [0][-]{chapter.3}{\376\377\000P\000r\000o\000p\000o\000s\000e\000d\000\040\000S\000y\000s\000t\000e\000m\000\040\000A\000r\000c\000h\000i\000t\000e\000c\000t\000u\000r\000e}{}% 69
\BOOKMARK [1][-]{section.3.1}{\376\377\000S\000y\000s\000t\000e\000m\000\040\000O\000v\000e\000r\000v\000i\000e\000w}{chapter.3}% 70
\BOOKMARK [1][-]{section.3.2}{\376\377\000S\000y\000s\000t\000e\000m\000\040\000R\000e\000q\000u\000i\000r\000e\000m\000e\000n\000t\000s\000\040\000a\000n\000d\000\040\000S\000c\000o\000p\000e}{chapter.3}% 71
\BOOKMARK [2][-]{subsection.3.2.1}{\376\377\000O\000v\000e\000r\000v\000i\000e\000w}{section.3.2}% 72
\BOOKMARK [2][-]{subsection.3.2.2}{\376\377\000S\000c\000o\000p\000e\000\040\000o\000f\000\040\000t\000h\000e\000\040\000S\000y\000s\000t\000e\000m}{section.3.2}% 73
\BOOKMARK [2][-]{subsection.3.2.3}{\376\377\000F\000u\000n\000c\000t\000i\000o\000n\000a\000l\000\040\000R\000e\000q\000u\000i\000r\000e\000m\000e\000n\000t\000s}{section.3.2}% 74
\BOOKMARK [2][-]{subsection.3.2.4}{\376\377\000N\000o\000n\000-\000F\000u\000n\000c\000t\000i\000o\000n\000a\000l\000\040\000R\000e\000q\000u\000i\000r\000e\000m\000e\000n\000t\000s}{section.3.2}% 75
\BOOKMARK [2][-]{subsection.3.2.5}{\376\377\000A\000s\000s\000u\000m\000p\000t\000i\000o\000n\000s}{section.3.2}% 76
\BOOKMARK [2][-]{subsection.3.2.6}{\376\377\000S\000y\000s\000t\000e\000m\000\040\000B\000o\000u\000n\000d\000a\000r\000i\000e\000s}{section.3.2}% 77
\BOOKMARK [2][-]{subsection.3.2.7}{\376\377\000S\000u\000m\000m\000a\000r\000y}{section.3.2}% 78
\BOOKMARK [1][-]{section.3.3}{\376\377\000E\000t\000h\000i\000c\000a\000l\000\040\000C\000o\000n\000s\000i\000d\000e\000r\000a\000t\000i\000o\000n\000s\000\040\000a\000n\000d\000\040\000L\000i\000m\000i\000t\000a\000t\000i\000o\000n\000s}{chapter.3}% 79
\BOOKMARK [2][-]{subsection.3.3.1}{\376\377\000E\000t\000h\000i\000c\000a\000l\000\040\000A\000p\000p\000r\000o\000a\000c\000h\000\040\000a\000n\000d\000\040\000I\000n\000t\000e\000n\000d\000e\000d\000\040\000U\000s\000e}{section.3.3}% 80
\BOOKMARK [2][-]{subsection.3.3.2}{\376\377\000E\000t\000h\000i\000c\000a\000l\000\040\000U\000s\000e\000\040\000o\000f\000\040\000A\000f\000f\000e\000c\000t\000\040\000R\000e\000c\000o\000g\000n\000i\000t\000i\000o\000n}{section.3.3}% 81
\BOOKMARK [2][-]{subsection.3.3.3}{\376\377\000U\000s\000e\000r\000\040\000A\000u\000t\000o\000n\000o\000m\000y\000,\000\040\000T\000r\000a\000n\000s\000p\000a\000r\000e\000n\000c\000y\000,\000\040\000a\000n\000d\000\040\000A\000v\000o\000i\000d\000a\000n\000c\000e\000\040\000o\000f\000\040\000D\000e\000p\000e\000n\000d\000e\000n\000c\000y}{section.3.3}% 82
\BOOKMARK [2][-]{subsection.3.3.4}{\376\377\000S\000a\000f\000e\000t\000y\000\040\000a\000n\000d\000\040\000N\000o\000n\000-\000C\000l\000i\000n\000i\000c\000a\000l\000\040\000B\000o\000u\000n\000d\000a\000r\000i\000e\000s}{section.3.3}% 83
\BOOKMARK [2][-]{subsection.3.3.5}{\376\377\000P\000r\000i\000v\000a\000c\000y\000,\000\040\000D\000a\000t\000a\000\040\000P\000r\000o\000t\000e\000c\000t\000i\000o\000n\000,\000\040\000a\000n\000d\000\040\000D\000a\000t\000a\000\040\000G\000o\000v\000e\000r\000n\000a\000n\000c\000e}{section.3.3}% 84
\BOOKMARK [2][-]{subsection.3.3.6}{\376\377\000F\000a\000i\000r\000n\000e\000s\000s\000,\000\040\000R\000e\000p\000r\000e\000s\000e\000n\000t\000a\000t\000i\000o\000n\000,\000\040\000a\000n\000d\000\040\000A\000c\000c\000e\000s\000s\000i\000b\000i\000l\000i\000t\000y}{section.3.3}% 85
\BOOKMARK [2][-]{subsection.3.3.7}{\376\377\000G\000e\000n\000e\000r\000a\000t\000i\000v\000e\000\040\000A\000r\000t\000i\000f\000i\000c\000i\000a\000l\000\040\000I\000n\000t\000e\000l\000l\000i\000g\000e\000n\000c\000e\000\040\000a\000n\000d\000\040\000F\000e\000e\000d\000b\000a\000c\000k\000\040\000I\000n\000t\000e\000g\000r\000i\000t\000y}{section.3.3}% 86
\BOOKMARK [2][-]{subsection.3.3.8}{\376\377\000R\000e\000s\000e\000a\000r\000c\000h\000\040\000E\000t\000h\000i\000c\000s\000\040\000a\000n\000d\000\040\000P\000a\000r\000t\000i\000c\000i\000p\000a\000n\000t\000\040\000P\000r\000o\000t\000e\000c\000t\000i\000o\000n}{section.3.3}% 87
\BOOKMARK [2][-]{subsection.3.3.9}{\376\377\000L\000e\000g\000a\000l\000\040\000a\000n\000d\000\040\000R\000e\000g\000u\000l\000a\000t\000o\000r\000y\000\040\000C\000o\000n\000t\000e\000x\000t}{section.3.3}% 88
\BOOKMARK [2][-]{subsection.3.3.10}{\376\377\000L\000i\000m\000i\000t\000a\000t\000i\000o\000n\000s\000\040\000o\000f\000\040\000t\000h\000e\000\040\000P\000r\000o\000p\000o\000s\000e\000d\000\040\000S\000y\000s\000t\000e\000m}{section.3.3}% 89
\BOOKMARK [2][-]{subsection.3.3.11}{\376\377\000S\000u\000m\000m\000a\000r\000y}{section.3.3}% 90
\BOOKMARK [0][-]{chapter.4}{\376\377\000I\000m\000p\000l\000e\000m\000e\000n\000t\000a\000t\000i\000o\000n}{}% 91
\BOOKMARK [1][-]{section.4.1}{\376\377\000C\000h\000a\000p\000t\000e\000r\000\040\000O\000v\000e\000r\000v\000i\000e\000w}{chapter.4}% 92
\BOOKMARK [1][-]{section.4.2}{\376\377\000T\000e\000c\000h\000n\000o\000l\000o\000g\000y\000\040\000S\000t\000a\000c\000k\000\040\000a\000n\000d\000\040\000P\000r\000o\000j\000e\000c\000t\000\040\000O\000r\000g\000a\000n\000i\000s\000a\000t\000i\000o\000n}{chapter.4}% 93
\BOOKMARK [2][-]{subsection.4.2.1}{\376\377\000F\000r\000o\000n\000t\000e\000n\000d\000\040\000T\000e\000c\000h\000n\000o\000l\000o\000g\000i\000e\000s}{section.4.2}% 94
\BOOKMARK [2][-]{subsection.4.2.2}{\376\377\000B\000a\000c\000k\000e\000n\000d\000\040\000T\000e\000c\000h\000n\000o\000l\000o\000g\000i\000e\000s}{section.4.2}% 95
\BOOKMARK [2][-]{subsection.4.2.3}{\376\377\000P\000e\000r\000s\000i\000s\000t\000e\000n\000c\000e\000\040\000a\000n\000d\000\040\000E\000x\000t\000e\000r\000n\000a\000l\000\040\000S\000e\000r\000v\000i\000c\000e\000s}{section.4.2}% 96
\BOOKMARK [2][-]{subsection.4.2.4}{\376\377\000R\000e\000p\000o\000s\000i\000t\000o\000r\000y\000\040\000S\000t\000r\000u\000c\000t\000u\000r\000e\000\040\000a\000n\000d\000\040\000C\000o\000n\000f\000i\000g\000u\000r\000a\000t\000i\000o\000n}{section.4.2}% 97
\BOOKMARK [1][-]{section.4.3}{\376\377\000E\000m\000o\000t\000i\000o\000n\000-\000R\000e\000c\000o\000g\000n\000i\000t\000i\000o\000n\000\040\000P\000i\000p\000e\000l\000i\000n\000e}{chapter.4}% 98
\BOOKMARK [2][-]{subsection.4.3.1}{\376\377\000D\000a\000t\000a\000s\000e\000t\000\040\000P\000r\000e\000p\000a\000r\000a\000t\000i\000o\000n\000\040\000a\000n\000d\000\040\000L\000a\000b\000e\000l\000\040\000M\000a\000p\000p\000i\000n\000g}{section.4.3}% 99
\BOOKMARK [2][-]{subsection.4.3.2}{\376\377\000C\000o\000n\000t\000e\000x\000t\000u\000a\000l\000\040\000T\000e\000x\000t\000-\000E\000m\000o\000t\000i\000o\000n\000\040\000M\000o\000d\000e\000l}{section.4.3}% 100
\BOOKMARK [2][-]{subsection.4.3.3}{\376\377\000S\000p\000e\000e\000c\000h\000-\000E\000m\000o\000t\000i\000o\000n\000\040\000M\000o\000d\000e\000l}{section.4.3}% 101
\BOOKMARK [2][-]{subsection.4.3.4}{\376\377\000M\000u\000l\000t\000i\000m\000o\000d\000a\000l\000\040\000L\000a\000t\000e\000\040\000F\000u\000s\000i\000o\000n}{section.4.3}% 102
\BOOKMARK [2][-]{subsection.4.3.5}{\376\377\000C\000o\000n\000f\000i\000d\000e\000n\000c\000e\000\040\000C\000a\000l\000i\000b\000r\000a\000t\000i\000o\000n\000\040\000a\000n\000d\000\040\000U\000n\000c\000e\000r\000t\000a\000i\000n\000t\000y\000\040\000H\000a\000n\000d\000l\000i\000n\000g}{section.4.3}% 103
\BOOKMARK [2][-]{subsection.4.3.6}{\376\377\000M\000o\000d\000e\000l\000\040\000A\000r\000t\000e\000f\000a\000c\000t\000s\000,\000\040\000P\000r\000o\000v\000e\000n\000a\000n\000c\000e\000,\000\040\000a\000n\000d\000\040\000I\000n\000f\000e\000r\000e\000n\000c\000e\000\040\000L\000o\000a\000d\000i\000n\000g}{section.4.3}% 104
\BOOKMARK [1][-]{section.4.4}{\376\377\000B\000a\000c\000k\000e\000n\000d\000\040\000A\000p\000p\000l\000i\000c\000a\000t\000i\000o\000n}{chapter.4}% 105
\BOOKMARK [2][-]{subsection.4.4.1}{\376\377\000A\000p\000p\000l\000i\000c\000a\000t\000i\000o\000n\000\040\000a\000n\000d\000\040\000S\000e\000r\000v\000i\000c\000e\000\040\000A\000r\000c\000h\000i\000t\000e\000c\000t\000u\000r\000e}{section.4.4}% 106
\BOOKMARK [2][-]{subsection.4.4.2}{\376\377\000D\000o\000m\000a\000i\000n\000\040\000M\000o\000d\000e\000l\000s\000\040\000a\000n\000d\000\040\000A\000P\000I\000\040\000S\000c\000h\000e\000m\000a\000s}{section.4.4}% 107
\BOOKMARK [2][-]{subsection.4.4.3}{\376\377\000A\000u\000t\000h\000e\000n\000t\000i\000c\000a\000t\000i\000o\000n\000\040\000a\000n\000d\000\040\000A\000c\000c\000o\000u\000n\000t\000\040\000M\000a\000n\000a\000g\000e\000m\000e\000n\000t}{section.4.4}% 108
\BOOKMARK [2][-]{subsection.4.4.4}{\376\377\000S\000e\000s\000s\000i\000o\000n\000\040\000P\000e\000r\000s\000i\000s\000t\000e\000n\000c\000e\000\040\000a\000n\000d\000\040\000O\000w\000n\000e\000r\000s\000h\000i\000p\000\040\000C\000o\000n\000t\000r\000o\000l\000s}{section.4.4}% 109
\BOOKMARK [2][-]{subsection.4.4.5}{\376\377\000C\000o\000n\000v\000e\000r\000s\000a\000t\000i\000o\000n\000\040\000R\000e\000q\000u\000e\000s\000t\000\040\000P\000r\000o\000c\000e\000s\000s\000i\000n\000g}{section.4.4}% 110
\BOOKMARK [2][-]{subsection.4.4.6}{\376\377\000O\000p\000t\000i\000o\000n\000a\000l\000\040\000S\000e\000r\000v\000i\000c\000e\000s\000\040\000a\000n\000d\000\040\000D\000e\000t\000e\000r\000m\000i\000n\000i\000s\000t\000i\000c\000\040\000F\000a\000l\000l\000b\000a\000c\000k\000s}{section.4.4}% 111
\BOOKMARK [1][-]{section.4.5}{\376\377\000R\000o\000l\000e\000-\000P\000l\000a\000y\000\040\000a\000n\000d\000\040\000A\000d\000a\000p\000t\000a\000t\000i\000o\000n\000\040\000E\000n\000g\000i\000n\000e}{chapter.4}% 112
\BOOKMARK [2][-]{subsection.4.5.1}{\376\377\000S\000c\000e\000n\000a\000r\000i\000o\000\040\000R\000e\000p\000r\000e\000s\000e\000n\000t\000a\000t\000i\000o\000n\000\040\000a\000n\000d\000\040\000C\000o\000n\000f\000i\000g\000u\000r\000a\000t\000i\000o\000n}{section.4.5}% 113
\BOOKMARK [2][-]{subsection.4.5.2}{\376\377\000D\000i\000a\000l\000o\000g\000u\000e\000\040\000S\000t\000a\000t\000e\000\040\000a\000n\000d\000\040\000T\000r\000a\000n\000s\000i\000t\000i\000o\000n\000\040\000L\000o\000g\000i\000c}{section.4.5}% 114
\BOOKMARK [2][-]{subsection.4.5.3}{\376\377\000C\000o\000m\000m\000u\000n\000i\000c\000a\000t\000i\000o\000n\000-\000E\000v\000i\000d\000e\000n\000c\000e\000\040\000E\000x\000t\000r\000a\000c\000t\000i\000o\000n}{section.4.5}% 115
\BOOKMARK [2][-]{subsection.4.5.4}{\376\377\000A\000f\000f\000e\000c\000t\000-\000A\000w\000a\000r\000e\000\040\000P\000a\000c\000i\000n\000g\000\040\000P\000o\000l\000i\000c\000y}{section.4.5}% 116
\BOOKMARK [2][-]{subsection.4.5.5}{\376\377\000R\000e\000s\000p\000o\000n\000s\000e\000\040\000R\000e\000a\000l\000i\000s\000a\000t\000i\000o\000n}{section.4.5}% 117
\BOOKMARK [2][-]{subsection.4.5.6}{\376\377\000S\000a\000f\000e\000t\000y\000\040\000P\000r\000e\000c\000e\000d\000e\000n\000c\000e\000\040\000a\000n\000d\000\040\000C\000r\000i\000s\000i\000s\000\040\000I\000n\000t\000e\000r\000r\000u\000p\000t\000i\000o\000n}{section.4.5}% 118
\BOOKMARK [1][-]{section.4.6}{\376\377\000F\000e\000e\000d\000b\000a\000c\000k\000\040\000a\000n\000d\000\040\000R\000e\000f\000l\000e\000c\000t\000i\000o\000n\000\040\000F\000e\000a\000t\000u\000r\000e\000s}{chapter.4}% 119
\BOOKMARK [2][-]{subsection.4.6.1}{\376\377\000E\000v\000i\000d\000e\000n\000c\000e\000-\000G\000r\000o\000u\000n\000d\000e\000d\000\040\000F\000e\000e\000d\000b\000a\000c\000k\000\040\000G\000e\000n\000e\000r\000a\000t\000i\000o\000n}{section.4.6}% 120
\BOOKMARK [2][-]{subsection.4.6.2}{\376\377\000C\000o\000n\000v\000e\000r\000s\000a\000t\000i\000o\000n\000\040\000R\000e\000p\000l\000a\000y}{section.4.6}% 121
\BOOKMARK [2][-]{subsection.4.6.3}{\376\377\000R\000e\000w\000i\000n\000d\000,\000\040\000B\000r\000a\000n\000c\000h\000i\000n\000g\000,\000\040\000a\000n\000d\000\040\000C\000o\000m\000p\000a\000r\000i\000s\000o\000n}{section.4.6}% 122
\BOOKMARK [2][-]{subsection.4.6.4}{\376\377\000T\000a\000k\000e\000a\000w\000a\000y\000s\000\040\000a\000n\000d\000\040\000A\000c\000t\000i\000o\000n\000\040\000C\000a\000r\000d\000s}{section.4.6}% 123
\BOOKMARK [1][-]{section.4.7}{\376\377\000F\000r\000o\000n\000t\000e\000n\000d\000\040\000A\000p\000p\000l\000i\000c\000a\000t\000i\000o\000n}{chapter.4}% 124
\BOOKMARK [2][-]{subsection.4.7.1}{\376\377\000A\000p\000p\000l\000i\000c\000a\000t\000i\000o\000n\000\040\000N\000a\000v\000i\000g\000a\000t\000i\000o\000n\000\040\000a\000n\000d\000\040\000U\000s\000e\000r\000\040\000W\000o\000r\000k\000f\000l\000o\000w}{section.4.7}% 125
\BOOKMARK [2][-]{subsection.4.7.2}{\376\377\000C\000o\000n\000v\000e\000r\000s\000a\000t\000i\000o\000n\000\040\000P\000r\000e\000p\000a\000r\000a\000t\000i\000o\000n}{section.4.7}% 126
\BOOKMARK [2][-]{subsection.4.7.3}{\376\377\000R\000o\000l\000e\000-\000P\000l\000a\000y\000\040\000W\000o\000r\000k\000s\000p\000a\000c\000e}{section.4.7}% 127
\BOOKMARK [2][-]{subsection.4.7.4}{\376\377\000V\000o\000i\000c\000e\000\040\000C\000a\000p\000t\000u\000r\000e\000\040\000a\000n\000d\000\040\000M\000u\000l\000t\000i\000m\000o\000d\000a\000l\000\040\000I\000n\000t\000e\000r\000a\000c\000t\000i\000o\000n}{section.4.7}% 128
\BOOKMARK [2][-]{subsection.4.7.5}{\376\377\000P\000r\000e\000s\000e\000n\000t\000a\000t\000i\000o\000n\000\040\000o\000f\000\040\000A\000f\000f\000e\000c\000t\000\040\000a\000n\000d\000\040\000U\000n\000c\000e\000r\000t\000a\000i\000n\000t\000y}{section.4.7}% 129
\BOOKMARK [2][-]{subsection.4.7.6}{\376\377\000F\000e\000e\000d\000b\000a\000c\000k\000,\000\040\000R\000e\000p\000l\000a\000y\000,\000\040\000a\000n\000d\000\040\000C\000o\000m\000p\000a\000r\000i\000s\000o\000n\000\040\000I\000n\000t\000e\000r\000f\000a\000c\000e\000s}{section.4.7}% 130
\BOOKMARK [2][-]{subsection.4.7.7}{\376\377\000R\000e\000s\000e\000a\000r\000c\000h\000e\000r\000\040\000a\000n\000d\000\040\000P\000a\000r\000t\000i\000c\000i\000p\000a\000n\000t\000\040\000I\000n\000t\000e\000r\000f\000a\000c\000e\000s}{section.4.7}% 131
\BOOKMARK [1][-]{section.4.8}{\376\377\000R\000e\000s\000e\000a\000r\000c\000h\000\040\000W\000o\000r\000k\000f\000l\000o\000w\000\040\000I\000m\000p\000l\000e\000m\000e\000n\000t\000a\000t\000i\000o\000n}{chapter.4}% 132
\BOOKMARK [2][-]{subsection.4.8.1}{\376\377\000P\000a\000r\000t\000i\000c\000i\000p\000a\000n\000t\000\040\000E\000n\000r\000o\000l\000m\000e\000n\000t\000\040\000a\000n\000d\000\040\000C\000o\000n\000s\000e\000n\000t}{section.4.8}% 133
\BOOKMARK [2][-]{subsection.4.8.2}{\376\377\000S\000t\000u\000d\000y\000\040\000P\000r\000o\000g\000r\000e\000s\000s\000\040\000a\000n\000d\000\040\000Q\000u\000e\000s\000t\000i\000o\000n\000n\000a\000i\000r\000e\000s}{section.4.8}% 134
\BOOKMARK [2][-]{subsection.4.8.3}{\376\377\000P\000s\000e\000u\000d\000o\000n\000y\000m\000o\000u\000s\000\040\000R\000e\000s\000e\000a\000r\000c\000h\000\040\000R\000e\000c\000o\000r\000d\000s}{section.4.8}% 135
\BOOKMARK [2][-]{subsection.4.8.4}{\376\377\000R\000e\000s\000e\000a\000r\000c\000h\000\040\000D\000a\000s\000h\000b\000o\000a\000r\000d\000\040\000a\000n\000d\000\040\000D\000a\000t\000a\000\040\000E\000x\000p\000o\000r\000t}{section.4.8}% 136
\BOOKMARK [1][-]{section.4.9}{\376\377\000S\000e\000c\000u\000r\000i\000t\000y\000,\000\040\000P\000r\000i\000v\000a\000c\000y\000,\000\040\000a\000n\000d\000\040\000D\000a\000t\000a\000\040\000P\000r\000o\000t\000e\000c\000t\000i\000o\000n}{chapter.4}% 137
\BOOKMARK [2][-]{subsection.4.9.1}{\376\377\000A\000u\000t\000h\000e\000n\000t\000i\000c\000a\000t\000i\000o\000n\000\040\000a\000n\000d\000\040\000T\000o\000k\000e\000n\000\040\000M\000a\000n\000a\000g\000e\000m\000e\000n\000t}{section.4.9}% 138
\BOOKMARK [2][-]{subsection.4.9.2}{\376\377\000A\000u\000t\000h\000o\000r\000i\000s\000a\000t\000i\000o\000n\000\040\000a\000n\000d\000\040\000R\000e\000s\000o\000u\000r\000c\000e\000\040\000I\000s\000o\000l\000a\000t\000i\000o\000n}{section.4.9}% 139
\BOOKMARK [2][-]{subsection.4.9.3}{\376\377\000A\000u\000d\000i\000o\000\040\000a\000n\000d\000\040\000C\000o\000n\000v\000e\000r\000s\000a\000t\000i\000o\000n\000\040\000D\000a\000t\000a\000\040\000H\000a\000n\000d\000l\000i\000n\000g}{section.4.9}% 140
\BOOKMARK [2][-]{subsection.4.9.4}{\376\377\000R\000e\000t\000e\000n\000t\000i\000o\000n\000,\000\040\000W\000i\000t\000h\000d\000r\000a\000w\000a\000l\000,\000\040\000a\000n\000d\000\040\000A\000c\000c\000o\000u\000n\000t\000\040\000D\000e\000l\000e\000t\000i\000o\000n}{section.4.9}% 141
\BOOKMARK [2][-]{subsection.4.9.5}{\376\377\000D\000e\000p\000l\000o\000y\000m\000e\000n\000t\000\040\000S\000e\000c\000u\000r\000i\000t\000y\000\040\000C\000o\000n\000t\000r\000o\000l\000s}{section.4.9}% 142
\BOOKMARK [1][-]{section.4.10}{\376\377\000D\000e\000p\000l\000o\000y\000m\000e\000n\000t\000\040\000a\000n\000d\000\040\000C\000o\000n\000f\000i\000g\000u\000r\000a\000t\000i\000o\000n}{chapter.4}% 143
\BOOKMARK [2][-]{subsection.4.10.1}{\376\377\000L\000o\000c\000a\000l\000\040\000a\000n\000d\000\040\000C\000o\000n\000t\000a\000i\000n\000e\000r\000i\000s\000e\000d\000\040\000D\000e\000p\000l\000o\000y\000m\000e\000n\000t}{section.4.10}% 144
\BOOKMARK [2][-]{subsection.4.10.2}{\376\377\000O\000f\000f\000l\000i\000n\000e\000\040\000D\000e\000m\000o\000n\000s\000t\000r\000a\000t\000i\000o\000n\000\040\000M\000o\000d\000e}{section.4.10}% 145
\BOOKMARK [2][-]{subsection.4.10.3}{\376\377\000E\000n\000v\000i\000r\000o\000n\000m\000e\000n\000t\000-\000B\000a\000s\000e\000d\000\040\000C\000o\000n\000f\000i\000g\000u\000r\000a\000t\000i\000o\000n}{section.4.10}% 146
\BOOKMARK [2][-]{subsection.4.10.4}{\376\377\000H\000e\000a\000l\000t\000h\000\040\000C\000h\000e\000c\000k\000s\000\040\000a\000n\000d\000\040\000O\000p\000e\000r\000a\000t\000i\000o\000n\000a\000l\000\040\000F\000a\000i\000l\000u\000r\000e\000\040\000H\000a\000n\000d\000l\000i\000n\000g}{section.4.10}% 147
\BOOKMARK [1][-]{section.4.11}{\376\377\000I\000m\000p\000l\000e\000m\000e\000n\000t\000a\000t\000i\000o\000n\000\040\000V\000e\000r\000i\000f\000i\000c\000a\000t\000i\000o\000n}{chapter.4}% 148
\BOOKMARK [2][-]{subsection.4.11.1}{\376\377\000B\000a\000c\000k\000e\000n\000d\000\040\000U\000n\000i\000t\000\040\000a\000n\000d\000\040\000I\000n\000t\000e\000g\000r\000a\000t\000i\000o\000n\000\040\000T\000e\000s\000t\000i\000n\000g}{section.4.11}% 149
\BOOKMARK [2][-]{subsection.4.11.2}{\376\377\000F\000r\000o\000n\000t\000e\000n\000d\000\040\000E\000n\000d\000-\000t\000o\000-\000E\000n\000d\000\040\000T\000e\000s\000t\000i\000n\000g}{section.4.11}% 150
\BOOKMARK [2][-]{subsection.4.11.3}{\376\377\000F\000u\000l\000l\000-\000S\000t\000a\000c\000k\000\040\000S\000m\000o\000k\000e\000\040\000T\000e\000s\000t\000i\000n\000g}{section.4.11}% 151
\BOOKMARK [2][-]{subsection.4.11.4}{\376\377\000R\000e\000p\000r\000o\000d\000u\000c\000i\000b\000i\000l\000i\000t\000y\000\040\000a\000n\000d\000\040\000M\000o\000d\000e\000l\000-\000P\000r\000o\000v\000e\000n\000a\000n\000c\000e\000\040\000C\000h\000e\000c\000k\000s}{section.4.11}% 152
\BOOKMARK [1][-]{section.4.12}{\376\377\000C\000h\000a\000p\000t\000e\000r\000\040\000S\000u\000m\000m\000a\000r\000y}{chapter.4}% 153
\BOOKMARK [0][-]{chapter.5}{\376\377\000E\000v\000a\000l\000u\000a\000t\000i\000o\000n\000\040\000a\000n\000d\000\040\000R\000e\000s\000u\000l\000t\000s}{}% 154
\BOOKMARK [1][-]{section.5.1}{\376\377\000O\000v\000e\000r\000v\000i\000e\000w}{chapter.5}% 155
\BOOKMARK [1][-]{section.5.2}{\376\377\000E\000v\000a\000l\000u\000a\000t\000i\000o\000n\000\040\000O\000b\000j\000e\000c\000t\000i\000v\000e\000s}{chapter.5}% 156
\BOOKMARK [1][-]{section.5.3}{\376\377\000C\000o\000m\000p\000a\000r\000e\000d\000\040\000S\000y\000s\000t\000e\000m\000s}{chapter.5}% 157
\BOOKMARK [2][-]{subsection.5.3.1}{\376\377\000N\000o\000n\000-\000A\000d\000a\000p\000t\000i\000v\000e\000\040\000B\000a\000s\000e\000l\000i\000n\000e\000\040\000A\000g\000e\000n\000t}{section.5.3}% 158
\BOOKMARK [2][-]{subsection.5.3.2}{\376\377\000A\000d\000a\000p\000t\000i\000v\000e\000\040\000E\000m\000o\000t\000i\000o\000n\000-\000A\000w\000a\000r\000e\000\040\000A\000g\000e\000n\000t}{section.5.3}% 159
\BOOKMARK [1][-]{section.5.4}{\376\377\000T\000e\000s\000t\000\040\000S\000c\000e\000n\000a\000r\000i\000o\000s}{chapter.5}% 160
\BOOKMARK [1][-]{section.5.5}{\376\377\000O\000b\000j\000e\000c\000t\000i\000v\000e\000\040\000M\000e\000t\000r\000i\000c\000s}{chapter.5}% 161
\BOOKMARK [1][-]{section.5.6}{\376\377\000S\000u\000b\000j\000e\000c\000t\000i\000v\000e\000\040\000M\000e\000t\000r\000i\000c\000s}{chapter.5}% 162
\BOOKMARK [1][-]{section.5.7}{\376\377\000Q\000u\000e\000s\000t\000i\000o\000n\000n\000a\000i\000r\000e\000\040\000D\000e\000s\000i\000g\000n}{chapter.5}% 163
\BOOKMARK [1][-]{section.5.8}{\376\377\000E\000x\000p\000e\000r\000i\000m\000e\000n\000t\000a\000l\000\040\000P\000r\000o\000c\000e\000d\000u\000r\000e}{chapter.5}% 164
\BOOKMARK [1][-]{section.5.9}{\376\377\000D\000a\000t\000a\000\040\000A\000n\000a\000l\000y\000s\000i\000s}{chapter.5}% 165
\BOOKMARK [1][-]{section.5.10}{\376\377\000T\000h\000r\000e\000a\000t\000s\000\040\000t\000o\000\040\000V\000a\000l\000i\000d\000i\000t\000y\000\040\000a\000n\000d\000\040\000L\000i\000m\000i\000t\000a\000t\000i\000o\000n\000s}{chapter.5}% 166
\BOOKMARK [1][-]{section.5.11}{\376\377\000S\000u\000m\000m\000a\000r\000y}{chapter.5}% 167
\BOOKMARK [0][-]{chapter.6}{\376\377\000C\000o\000n\000c\000l\000u\000s\000i\000o\000n\000s\000\040\000a\000n\000d\000\040\000F\000u\000t\000u\000r\000e\000\040\000W\000o\000r\000k}{}% 168
\BOOKMARK [0][-]{chapter*.10}{\376\377\000B\000i\000b\000l\000i\000o\000g\000r\000a\000p\000h\000y}{}% 169
\BOOKMARK [0][-]{appendix.A}{\376\377\000G\000e\000n\000e\000r\000a\000t\000i\000v\000e\000\040\000A\000I\000\040\000T\000o\000o\000l\000s\000\040\000U\000s\000a\000g\000e}{}% 170
\BOOKMARK [1][-]{section.A.1}{\376\377\000C\000h\000a\000t\000G\000P\000T\000\040\000D\000e\000t\000a\000i\000l\000s}{appendix.A}% 171
\BOOKMARK [1][-]{section.A.2}{\376\377\000D\000e\000e\000p\000\040\000L\000\040\000D\000e\000t\000a\000i\000l\000s}{appendix.A}% 172
\BOOKMARK [1][-]{section.A.3}{\376\377\000M\000i\000c\000r\000o\000s\000o\000f\000t\000\040\000C\000o\000p\000i\000l\000o\000t}{appendix.A}% 173
\BOOKMARK [0][-]{appendix.B}{\376\377\000S\000u\000p\000p\000o\000r\000t\000\040\000S\000c\000e\000n\000a\000r\000i\000o\000s}{}% 174
\BOOKMARK [0][-]{appendix.C}{\376\377\000E\000v\000a\000l\000u\000a\000t\000i\000o\000n\000\040\000Q\000u\000e\000s\000t\000i\000o\000n\000n\000a\000i\000r\000e}{}% 175
\BOOKMARK [0][-]{appendix.D}{\376\377\000E\000x\000a\000m\000p\000l\000e\000\040\000C\000o\000n\000v\000e\000r\000s\000a\000t\000i\000o\000n\000s}{}% 176
\BOOKMARK [0][-]{appendix.E}{\376\377\000A\000d\000d\000i\000t\000i\000o\000n\000a\000l\000\040\000R\000e\000s\000u\000l\000t\000s}{}% 177
\BOOKMARK [0][-]{appendix.F}{\376\377\000S\000o\000u\000r\000c\000e\000\040\000C\000o\000d\000e\000\040\000/\000\040\000R\000e\000p\000o\000s\000i\000t\000o\000r\000y\000\040\000S\000t\000r\000u\000c\000t\000u\000r\000e}{}% 178
